// Jest Snapshot v1, https://goo.gl/fbAQLP

exports[`testing the AdminPasswordInput component should test the snapshot properly 1`] = `
<div
  className="sc-bdnylx clAjGN"
  data-testid="container"
>
  <label
    id="password"
  >
    <input
      className="sc-gtssRu ehmHiR"
      data-testid="input"
      for="password"
      name="password"
      onChange={[Function]}
      placeholder="password"
      type="password"
    />
  </label>
</div>
`;
